TestRunStartedEvent(testCount=7)
TestEnded(id=TestIdentifier(className=com.example.ParameterizedTest, testName=test[0]), metrics={})
TestStarted(id=TestIdentifier(className=com.example.ParameterizedTest, testName=test[1]))
TestEnded(id=TestIdentifier(className=com.example.ParameterizedTest, testName=test[1]), metrics={})
TestStarted(id=TestIdentifier(className=com.example.ParameterizedTest, testName=test[2]))
TestEnded(id=TestIdentifier(className=com.example.ParameterizedTest, testName=test[2]), metrics={})
TestStarted(id=TestIdentifier(className=com.example.ParameterizedTest, testName=test[3]))
TestEnded(id=TestIdentifier(className=com.example.ParameterizedTest, testName=test[3]), metrics={})
TestStarted(id=TestIdentifier(className=com.example.ParameterizedTest, testName=test[4]))
TestEnded(id=TestIdentifier(className=com.example.ParameterizedTest, testName=test[4]), metrics={})
TestStarted(id=TestIdentifier(className=com.example.ParameterizedTest, testName=test[5]))
TestEnded(id=TestIdentifier(className=com.example.ParameterizedTest, testName=test[5]), metrics={})
TestStarted(id=TestIdentifier(className=com.example.ParameterizedTest, testName=test[6]))
TestEnded(id=TestIdentifier(className=com.example.ParameterizedTest, testName=test[6]), metrics={})
TestRunEnded(elapsedTimeMillis=9, metrics={})
