TestRunStartedEvent(testCount=10)
TestStarted(id=TestIdentifier(className=com.example.MainActivityTest, testName=testText1))
TestEnded(id=TestIdentifier(className=com.example.MainActivityTest, testName=testText1), metrics={})
TestStarted(id=TestIdentifier(className=com.example.MainActivityTest, testName=testText2))
TestEnded(id=TestIdentifier(className=com.example.MainActivityTest, testName=testText2), metrics={})
TestStarted(id=TestIdentifier(className=com.example.MainActivityTest, testName=testText3))
TestEnded(id=TestIdentifier(className=com.example.MainActivityTest, testName=testText3), metrics={})
TestStarted(id=TestIdentifier(className=com.example.MainActivityTest, testName=testText4))
TestEnded(id=TestIdentifier(className=com.example.MainActivityTest, testName=testText4), metrics={})
TestStarted(id=TestIdentifier(className=com.example.MainActivityTest, testName=testText5))
TestEnded(id=TestIdentifier(className=com.example.MainActivityTest, testName=testText5), metrics={})
TestStarted(id=TestIdentifier(className=com.example.MainActivityTest, testName=testText6))
TestEnded(id=TestIdentifier(className=com.example.MainActivityTest, testName=testText6), metrics={})
TestStarted(id=TestIdentifier(className=com.example.MainActivityTest, testName=testText7))
TestEnded(id=TestIdentifier(className=com.example.MainActivityTest, testName=testText7), metrics={})
TestStarted(id=TestIdentifier(className=com.example.MainActivityTest, testName=testText8))
TestEnded(id=TestIdentifier(className=com.example.MainActivityTest, testName=testText8), metrics={})
TestStarted(id=TestIdentifier(className=com.example.MainActivityTest, testName=testText9))
TestEnded(id=TestIdentifier(className=com.example.MainActivityTest, testName=testText9), metrics={})
TestStarted(id=TestIdentifier(className=com.example.MainActivityTest, testName=testText))
TestEnded(id=TestIdentifier(className=com.example.MainActivityTest, testName=testText), metrics={})
TestRunEnded(elapsedTimeMillis=7896, metrics={allure-id=some-value})
