TestRunStartedEvent(testCount=9)
TestStarted(id=TestIdentifier(className=kz.kolesa.tests.advertdetails.AddAdvertToFavoritesTest, testName=addAdvertToFavorite))
TestEnded(id=TestIdentifier(className=kz.kolesa.tests.advertdetails.AddAdvertToFavoritesTest, testName=addAdvertToFavorite), metrics={})
TestStarted(id=TestIdentifier(className=kz.kolesa.tests.advertdetails.AdvertDetailsTest, testName=checkHeaderIsShown))
TestEnded(id=TestIdentifier(className=kz.kolesa.tests.advertdetails.AdvertDetailsTest, testName=checkHeaderIsShown), metrics={})
TestStarted(id=TestIdentifier(className=kz.kolesa.tests.advertdetails.AdvertDetailsTest, testName=checkCommentButtonIsShown))
TestEnded(id=TestIdentifier(className=kz.kolesa.tests.advertdetails.AdvertDetailsTest, testName=checkCommentButtonIsShown), metrics={})
TestStarted(id=TestIdentifier(className=kz.kolesa.tests.advertdetails.AdvertDetailsTest, testName=checkUnAuthClickOnMessageButton))
TestEnded(id=TestIdentifier(className=kz.kolesa.tests.advertdetails.AdvertDetailsTest, testName=checkUnAuthClickOnMessageButton), metrics={})
TestStarted(id=TestIdentifier(className=kz.kolesa.tests.advertdetails.AdvertDetailsTest, testName=checkEmptyPhotoViewIsShown))
TestEnded(id=TestIdentifier(className=kz.kolesa.tests.advertdetails.AdvertDetailsTest, testName=checkEmptyPhotoViewIsShown), metrics={})
TestStarted(id=TestIdentifier(className=kz.kolesa.tests.report.ReportBugTest, testName=emptyMessageFieldTest))
TestEnded(id=TestIdentifier(className=kz.kolesa.tests.report.ReportBugTest, testName=emptyMessageFieldTest), metrics={})
TestStarted(id=TestIdentifier(className=kz.kolesa.tests.report.ReportBugTest, testName=sendReportTest))
TestEnded(id=TestIdentifier(className=kz.kolesa.tests.report.ReportBugTest, testName=sendReportTest), metrics={})
TestStarted(id=TestIdentifier(className=kz.kolesa.tests.login.SignInEmptyDataTest, testName=signInWithEmptyPassword[0]))
TestEnded(id=TestIdentifier(className=kz.kolesa.tests.login.SignInEmptyDataTest, testName=signInWithEmptyPassword[0]), metrics={})
TestStarted(id=TestIdentifier(className=kz.kolesa.tests.login.SignInEmptyDataTest, testName=signInWithEmptyPassword[1]))
TestFailed(id=TestIdentifier(className=kz.kolesa.tests.login.SignInEmptyDataTest, testName=signInWithEmptyPassword[1]), stackTrace=java.lang.NullPointerException: Attempt to read from field 'java.lang.Object kz.library.network.model.Response.result' on a null object reference
        at kz.library.auth.domain.AuthInteractor.login(AuthInteractor.kt:43)
        at kz.library.auth.presentation.AuthViewModel$onLoginClicked$1$invokeSuspend$$inlined$let$lambda$1.invokeSuspend(AuthViewModel.kt:152)
        at kotlin.coroutines.jvm.internal.BaseContinuationImpl.resumeWith(ContinuationImpl.kt:33)
        at kotlinx.coroutines.DispatchedTask.run(DispatchedTask.kt:56)
        at kotlinx.coroutines.scheduling.CoroutineScheduler.runSafely(CoroutineScheduler.kt:571)
        at kotlinx.coroutines.scheduling.CoroutineScheduler$Worker.executeTask(CoroutineScheduler.kt:738)
        at kotlinx.coroutines.scheduling.CoroutineScheduler$Worker.runWorker(CoroutineScheduler.kt:678)
        at kotlinx.coroutines.scheduling.CoroutineScheduler$Worker.run(CoroutineScheduler.kt:665))
TestEnded(id=TestIdentifier(className=kz.kolesa.tests.login.SignInEmptyDataTest, testName=signInWithEmptyPassword[1]), metrics={})
TestRunFailed(error=Process crashed.)
TestRunEnded(elapsedTimeMillis=0, metrics={})
